Calibration Recalibrator Tool
==============================

Base calibration file: base_calib.txt
Measured data file:    measured_data.txt
Output file:           base_calib_updated.txt

Parsing base calibration file...
  ✓ Loaded X table (33x33)
  ✓ Loaded Y table (33x33)
Parsing measured data file...
  ✓ Grid dimensions: 300 mm x 300 mm
  ✓ Grid resolution: 21 x 21 points
  ✓ Validated 441 data points
Interpolating residuals onto 33x33 grid...
  ✓ Applied residuals to X and Y tables
Writing updated calibration to base_calib_updated.txt...
  ✓ File written successfully

Recalibration complete!
